Archive member included to satisfy reference by file (symbol)

c:/embbedevaconfig/gcc-arm-none-eabi-10.3-2021.10/bin/../lib/gcc/arm-none-eabi/10.3.1/../../../../arm-none-eabi/lib/thumb/v7-m/nofp\libg.a(lib_a-errno.o)
                              CMakeFiles/TikTak.elf.dir/Core/Src/syscalls.c.obj (__errno)
c:/embbedevaconfig/gcc-arm-none-eabi-10.3-2021.10/bin/../lib/gcc/arm-none-eabi/10.3.1/../../../../arm-none-eabi/lib/thumb/v7-m/nofp\libg.a(lib_a-exit.o)
                              c:/embbedevaconfig/gcc-arm-none-eabi-10.3-2021.10/bin/../lib/gcc/arm-none-eabi/10.3.1/../../../../arm-none-eabi/lib/thumb/v7-m/nofp/crt0.o (exit)
c:/embbedevaconfig/gcc-arm-none-eabi-10.3-2021.10/bin/../lib/gcc/arm-none-eabi/10.3.1/../../../../arm-none-eabi/lib/thumb/v7-m/nofp\libg.a(lib_a-impure.o)
                              c:/embbedevaconfig/gcc-arm-none-eabi-10.3-2021.10/bin/../lib/gcc/arm-none-eabi/10.3.1/../../../../arm-none-eabi/lib/thumb/v7-m/nofp\libg.a(lib_a-exit.o) (_global_impure_ptr)
c:/embbedevaconfig/gcc-arm-none-eabi-10.3-2021.10/bin/../lib/gcc/arm-none-eabi/10.3.1/../../../../arm-none-eabi/lib/thumb/v7-m/nofp\libg.a(lib_a-init.o)
                              c:/embbedevaconfig/gcc-arm-none-eabi-10.3-2021.10/bin/../lib/gcc/arm-none-eabi/10.3.1/../../../../arm-none-eabi/lib/thumb/v7-m/nofp/crt0.o (__libc_init_array)
c:/embbedevaconfig/gcc-arm-none-eabi-10.3-2021.10/bin/../lib/gcc/arm-none-eabi/10.3.1/../../../../arm-none-eabi/lib/thumb/v7-m/nofp\libg.a(lib_a-memset.o)
                              c:/embbedevaconfig/gcc-arm-none-eabi-10.3-2021.10/bin/../lib/gcc/arm-none-eabi/10.3.1/../../../../arm-none-eabi/lib/thumb/v7-m/nofp/crt0.o (memset)
c:/embbedevaconfig/gcc-arm-none-eabi-10.3-2021.10/bin/../lib/gcc/arm-none-eabi/10.3.1/../../../../arm-none-eabi/lib/thumb/v7-m/nofp\libg.a(lib_a-__call_atexit.o)
                              c:/embbedevaconfig/gcc-arm-none-eabi-10.3-2021.10/bin/../lib/gcc/arm-none-eabi/10.3.1/../../../../arm-none-eabi/lib/thumb/v7-m/nofp\libg.a(lib_a-exit.o) (__call_exitprocs)
c:/embbedevaconfig/gcc-arm-none-eabi-10.3-2021.10/bin/../lib/gcc/arm-none-eabi/10.3.1/../../../../arm-none-eabi/lib/thumb/v7-m/nofp\libg.a(lib_a-atexit.o)
                              c:/embbedevaconfig/gcc-arm-none-eabi-10.3-2021.10/bin/../lib/gcc/arm-none-eabi/10.3.1/../../../../arm-none-eabi/lib/thumb/v7-m/nofp\libg.a(lib_a-__call_atexit.o) (atexit)
c:/embbedevaconfig/gcc-arm-none-eabi-10.3-2021.10/bin/../lib/gcc/arm-none-eabi/10.3.1/../../../../arm-none-eabi/lib/thumb/v7-m/nofp\libg.a(lib_a-fini.o)
                              c:/embbedevaconfig/gcc-arm-none-eabi-10.3-2021.10/bin/../lib/gcc/arm-none-eabi/10.3.1/../../../../arm-none-eabi/lib/thumb/v7-m/nofp\libg.a(lib_a-__call_atexit.o) (__libc_fini_array)
c:/embbedevaconfig/gcc-arm-none-eabi-10.3-2021.10/bin/../lib/gcc/arm-none-eabi/10.3.1/../../../../arm-none-eabi/lib/thumb/v7-m/nofp\libg.a(lib_a-lock.o)
                              c:/embbedevaconfig/gcc-arm-none-eabi-10.3-2021.10/bin/../lib/gcc/arm-none-eabi/10.3.1/../../../../arm-none-eabi/lib/thumb/v7-m/nofp\libg.a(lib_a-__call_atexit.o) (__retarget_lock_acquire_recursive)
c:/embbedevaconfig/gcc-arm-none-eabi-10.3-2021.10/bin/../lib/gcc/arm-none-eabi/10.3.1/../../../../arm-none-eabi/lib/thumb/v7-m/nofp\libg.a(lib_a-__atexit.o)
                              c:/embbedevaconfig/gcc-arm-none-eabi-10.3-2021.10/bin/../lib/gcc/arm-none-eabi/10.3.1/../../../../arm-none-eabi/lib/thumb/v7-m/nofp\libg.a(lib_a-atexit.o) (__register_exitproc)

Discarded input sections

 .text          0x00000000        0x0 c:/embbedevaconfig/gcc-arm-none-eabi-10.3-2021.10/bin/../lib/gcc/arm-none-eabi/10.3.1/thumb/v7-m/nofp/crti.o
 .data          0x00000000        0x0 c:/embbedevaconfig/gcc-arm-none-eabi-10.3-2021.10/bin/../lib/gcc/arm-none-eabi/10.3.1/thumb/v7-m/nofp/crti.o
 .bss           0x00000000        0x0 c:/embbedevaconfig/gcc-arm-none-eabi-10.3-2021.10/bin/../lib/gcc/arm-none-eabi/10.3.1/thumb/v7-m/nofp/crti.o
 .data          0x00000000        0x4 c:/embbedevaconfig/gcc-arm-none-eabi-10.3-2021.10/bin/../lib/gcc/arm-none-eabi/10.3.1/thumb/v7-m/nofp/crtbegin.o
 .rodata        0x00000000       0x24 c:/embbedevaconfig/gcc-arm-none-eabi-10.3-2021.10/bin/../lib/gcc/arm-none-eabi/10.3.1/thumb/v7-m/nofp/crtbegin.o
 .text          0x00000000       0x7c c:/embbedevaconfig/gcc-arm-none-eabi-10.3-2021.10/bin/../lib/gcc/arm-none-eabi/10.3.1/../../../../arm-none-eabi/lib/thumb/v7-m/nofp/crt0.o
 .data          0x00000000        0x0 c:/embbedevaconfig/gcc-arm-none-eabi-10.3-2021.10/bin/../lib/gcc/arm-none-eabi/10.3.1/../../../../arm-none-eabi/lib/thumb/v7-m/nofp/crt0.o
 .bss           0x00000000        0x0 c:/embbedevaconfig/gcc-arm-none-eabi-10.3-2021.10/bin/../lib/gcc/arm-none-eabi/10.3.1/../../../../arm-none-eabi/lib/thumb/v7-m/nofp/crt0.o
 .ARM.extab     0x00000000        0x0 c:/embbedevaconfig/gcc-arm-none-eabi-10.3-2021.10/bin/../lib/gcc/arm-none-eabi/10.3.1/../../../../arm-none-eabi/lib/thumb/v7-m/nofp/crt0.o
[...]
Memory Configuration

Name             Origin             Length             Attributes
RAM              0x20000000         0x00002800         xrw
FLASH            0x08000000         0x00008000         xr
*default*        0x00000000         0xffffffff

Linker script and memory map

LOAD c:/embbedevaconfig/gcc-arm-none-eabi-10.3-2021.10/bin/../lib/gcc/arm-none-eabi/10.3.1/thumb/v7-m/nofp/crti.o
LOAD c:/embbedevaconfig/gcc-arm-none-eabi-10.3-2021.10/bin/../lib/gcc/arm-none-eabi/10.3.1/thumb/v7-m/nofp/crtbegin.o
LOAD c:/embbedevaconfig/gcc-arm-none-eabi-10.3-2021.10/bin/../lib/gcc/arm-none-eabi/10.3.1/../../../../arm-none-eabi/lib/thumb/v7-m/nofp/crt0.o
LOAD CMakeFiles/TikTak.elf.dir/Core/Src/OLED.c.obj
LOAD CMakeFiles/TikTak.elf.dir/Core/Src/OLED_Front.c.obj
LOAD CMakeFiles/TikTak.elf.dir/Core/Src/TicPlay.c.obj
LOAD CMakeFiles/TikTak.elf.dir/Core/Src/gpio.c.obj
LOAD CMakeFiles/TikTak.elf.dir/Core/Src/main.c.obj
LOAD CMakeFiles/TikTak.elf.dir/Core/Src/multi_button.c.obj
LOAD CMakeFiles/TikTak.elf.dir/Core/Src/stm32f1xx_hal_msp.c.obj
LOAD CMakeFiles/TikTak.elf.dir/Core/Src/stm32f1xx_it.c.obj
LOAD CMakeFiles/TikTak.elf.dir/Core/Src/syscalls.c.obj
LOAD CMakeFiles/TikTak.elf.dir/Core/Src/sysmem.c.obj
LOAD CMakeFiles/TikTak.elf.dir/Core/Src/system_stm32f1xx.c.obj
LOAD CMakeFiles/TikTak.elf.dir/Core/Src/tim.c.obj
LOAD CMakeFiles/TikTak.elf.dir/Core/Startup/startup_stm32f103c6tx.s.obj
LOAD CMakeFiles/TikTak.elf.dir/Drivers/STM32F1xx_HAL_Driver/Src/stm32f1xx_hal.c.obj
LOAD CMakeFiles/TikTak.elf.dir/Drivers/STM32F1xx_HAL_Driver/Src/stm32f1xx_hal_cortex.c.obj
LOAD CMakeFiles/TikTak.elf.dir/Drivers/STM32F1xx_HAL_Driver/Src/stm32f1xx_hal_dma.c.obj
LOAD CMakeFiles/TikTak.elf.dir/Drivers/STM32F1xx_HAL_Driver/Src/stm32f1xx_hal_exti.c.obj
LOAD CMakeFiles/TikTak.elf.dir/Drivers/STM32F1xx_HAL_Driver/Src/stm32f1xx_hal_flash.c.obj
LOAD CMakeFiles/TikTak.elf.dir/Drivers/STM32F1xx_HAL_Driver/Src/stm32f1xx_hal_flash_ex.c.obj
LOAD CMakeFiles/TikTak.elf.dir/Drivers/STM32F1xx_HAL_Driver/Src/stm32f1xx_hal_gpio.c.obj
LOAD CMakeFiles/TikTak.elf.dir/Drivers/STM32F1xx_HAL_Driver/Src/stm32f1xx_hal_gpio_ex.c.obj
LOAD CMakeFiles/TikTak.elf.dir/Drivers/STM32F1xx_HAL_Driver/Src/stm32f1xx_hal_pwr.c.obj
LOAD CMakeFiles/TikTak.elf.dir/Drivers/STM32F1xx_HAL_Driver/Src/stm32f1xx_hal_rcc.c.obj
LOAD CMakeFiles/TikTak.elf.dir/Drivers/STM32F1xx_HAL_Driver/Src/stm32f1xx_hal_rcc_ex.c.obj
LOAD CMakeFiles/TikTak.elf.dir/Drivers/STM32F1xx_HAL_Driver/Src/stm32f1xx_hal_tim.c.obj
LOAD CMakeFiles/TikTak.elf.dir/Drivers/STM32F1xx_HAL_Driver/Src/stm32f1xx_hal_tim_ex.c.obj
START GROUP
LOAD c:/embbedevaconfig/gcc-arm-none-eabi-10.3-2021.10/bin/../lib/gcc/arm-none-eabi/10.3.1/thumb/v7-m/nofp\libgcc.a
LOAD c:/embbedevaconfig/gcc-arm-none-eabi-10.3-2021.10/bin/../lib/gcc/arm-none-eabi/10.3.1/../../../../arm-none-eabi/lib/thumb/v7-m/nofp\libg.a
LOAD c:/embbedevaconfig/gcc-arm-none-eabi-10.3-2021.10/bin/../lib/gcc/arm-none-eabi/10.3.1/../../../../arm-none-eabi/lib/thumb/v7-m/nofp\libc.a
END GROUP
LOAD c:/embbedevaconfig/gcc-arm-none-eabi-10.3-2021.10/bin/../lib/gcc/arm-none-eabi/10.3.1/thumb/v7-m/nofp/crtend.o
LOAD c:/embbedevaconfig/gcc-arm-none-eabi-10.3-2021.10/bin/../lib/gcc/arm-none-eabi/10.3.1/thumb/v7-m/nofp/crtn.o
                0x20002800                _estack = (ORIGIN (RAM) + LENGTH (RAM))
                0x00000200                _Min_Heap_Size = 0x200
                0x00000400                _Min_Stack_Size = 0x400

.isr_vector     0x08000000      0x10c
                0x08000000                . = ALIGN (0x4)
 *(.isr_vector)
 .isr_vector    0x08000000      0x10c CMakeFiles/TikTak.elf.dir/Core/Startup/startup_stm32f103c6tx.s.obj
                0x08000000                g_pfnVectors
                0x0800010c                . = ALIGN (0x4)

.text           0x0800010c     0x2c44
                0x0800010c                . = ALIGN (0x4)
 *(.text)
 .text          0x0800010c       0x40 c:/embbedevaconfig/gcc-arm-none-eabi-10.3-2021.10/bin/../lib/gcc/arm-none-eabi/10.3.1/thumb/v7-m/nofp/crtbegin.o
 *(.text*)
 .text.OLED_I2C_Init
                0x0800014c       0x24 CMakeFiles/TikTak.elf.dir/Core/Src/OLED.c.obj
                0x0800014c                OLED_I2C_Init
 .text.OLED_I2C_Start
                0x08000170       0x3c CMakeFiles/TikTak.elf.dir/Core/Src/OLED.c.obj
                0x08000170                OLED_I2C_Start
 .text.OLED_I2C_Stop
                0x080001ac       0x30 CMakeFiles/TikTak.elf.dir/Core/Src/OLED.c.obj
                0x080001ac                OLED_I2C_Stop
 .text.OLED_I2C_SendByte
                0x080001dc       0x5c CMakeFiles/TikTak.elf.dir/Core/Src/OLED.c.obj
                0x080001dc                OLED_I2C_SendByte
 .text.OLED_WriteCommand
                0x08000238       0x20 CMakeFiles/TikTak.elf.dir/Core/Src/OLED.c.obj
                0x08000238                OLED_WriteCommand
 .text.OLED_WriteData
                0x08000258       0x20 CMakeFiles/TikTak.elf.dir/Core/Src/OLED.c.obj
                0x08000258                OLED_WriteData
 .text.OLED_SetCursor
                0x08000278       0x20 CMakeFiles/TikTak.elf.dir/Core/Src/OLED.c.obj
                0x08000278                OLED_SetCursor
 .text.OLED_Clear
                0x08000298       0x2c CMakeFiles/TikTak.elf.dir/Core/Src/OLED.c.obj
                0x08000298                OLED_Clear
 .text.OLED_ShowChar
                0x080002c4       0x64 CMakeFiles/TikTak.elf.dir/Core/Src/OLED.c.obj
                0x080002c4                OLED_ShowChar
 .text.OLED_Init
                0x08000328       0xae CMakeFiles/TikTak.elf.dir/Core/Src/OLED.c.obj
                0x08000328                OLED_Init
 .text.OLED_ShowString
                0x080003d6       0x22 CMakeFiles/TikTak.elf.dir/Core/Src/OLED.c.obj
                0x080003d6                OLED_ShowString
 .text.OLED_Pow
                0x080003f8       0x14 CMakeFiles/TikTak.elf.dir/Core/Src/OLED.c.obj
                0x080003f8                OLED_Pow
 .text.OLED_ShowNum
                0x0800040c       0x50 CMakeFiles/TikTak.elf.dir/Core/Src/OLED.c.obj
                0x0800040c                OLED_ShowNum
 .text.Tick_Init
                0x0800045c       0x7c CMakeFiles/TikTak.elf.dir/Core/Src/TicPlay.c.obj
                0x0800045c                Tick_Init
 .text.setTick  0x080004d8       0xa0 CMakeFiles/TikTak.elf.dir/Core/Src/TicPlay.c.obj
                0x080004d8                setTick
 .text.TIM_Tick_On
                0x08000578       0x38 CMakeFiles/TikTak.elf.dir/Core/Src/TicPlay.c.obj
                0x08000578                TIM_Tick_On
 .text.TIM_Tick_Res
                0x080005b0       0x34 CMakeFiles/TikTak.elf.dir/Core/Src/TicPlay.c.obj
                0x080005b0                TIM_Tick_Res
 .text.Tick_LED
                0x080005e4       0xc4 CMakeFiles/TikTak.elf.dir/Core/Src/TicPlay.c.obj
                0x080005e4                Tick_LED
 .text.Tick_LED_Clear
                0x080006a8       0x34 CMakeFiles/TikTak.elf.dir/Core/Src/TicPlay.c.obj
                0x080006a8                Tick_LED_Clear
 .text.Tick_Play
                0x080006dc       0xb4 CMakeFiles/TikTak.elf.dir/Core/Src/TicPlay.c.obj
                0x080006dc                Tick_Play
 .text.MX_GPIO_Init
                0x08000790      0x120 CMakeFiles/TikTak.elf.dir/Core/Src/gpio.c.obj
                0x08000790                MX_GPIO_Init
 .text.SettingKey_SINGLE_Click_Handler
                0x080008b0       0x38 CMakeFiles/TikTak.elf.dir/Core/Src/main.c.obj
                0x080008b0                SettingKey_SINGLE_Click_Handler
 .text.SettingKey_DOUBLE_Click_Handler
                0x080008e8       0x28 CMakeFiles/TikTak.elf.dir/Core/Src/main.c.obj
                0x080008e8                SettingKey_DOUBLE_Click_Handler
 .text.Btn1_LONG_PRESS_HOLD_Handler
                0x08000910       0x18 CMakeFiles/TikTak.elf.dir/Core/Src/main.c.obj
                0x08000910                Btn1_LONG_PRESS_HOLD_Handler
 .text.Btn1_DOUBLE_Click_Handler
                0x08000928       0x30 CMakeFiles/TikTak.elf.dir/Core/Src/main.c.obj
                0x08000928                Btn1_DOUBLE_Click_Handler
 .text.read_button_GPIO
                0x08000958       0x28 CMakeFiles/TikTak.elf.dir/Core/Src/main.c.obj
                0x08000958                read_button_GPIO
 .text.Btn1_SINGLE_Click_Handler
                0x08000980       0x2c CMakeFiles/TikTak.elf.dir/Core/Src/main.c.obj
                0x08000980                Btn1_SINGLE_Click_Handler
 .text.display_Struct
                0x080009ac      0x1e8 CMakeFiles/TikTak.elf.dir/Core/Src/main.c.obj
                0x080009ac                display_Struct
 .text.display  0x08000b94      0x120 CMakeFiles/TikTak.elf.dir/Core/Src/main.c.obj
                0x08000b94                display
 .text.State_Change_Check
                0x08000cb4       0x20 CMakeFiles/TikTak.elf.dir/Core/Src/main.c.obj
                0x08000cb4                State_Change_Check
 .text.Application
                0x08000cd4      0x470 CMakeFiles/TikTak.elf.dir/Core/Src/main.c.obj
                0x08000cd4                Application
 .text.Error_Handler
                0x08001144        0x4 CMakeFiles/TikTak.elf.dir/Core/Src/main.c.obj
                0x08001144                Error_Handler
 .text.SystemClock_Config
                0x08001148       0x64 CMakeFiles/TikTak.elf.dir/Core/Src/main.c.obj
                0x08001148                SystemClock_Config
 .text.main     0x080011ac       0xc4 CMakeFiles/TikTak.elf.dir/Core/Src/main.c.obj
                0x080011ac                main
 .text.button_init
                0x08001270       0x36 CMakeFiles/TikTak.elf.dir/Core/Src/multi_button.c.obj
                0x08001270                button_init
 .text.button_attach
                0x080012a6        0xa CMakeFiles/TikTak.elf.dir/Core/Src/multi_button.c.obj
                0x080012a6                button_attach
 .text.button_handler
                0x080012b0      0x222 CMakeFiles/TikTak.elf.dir/Core/Src/multi_button.c.obj
                0x080012b0                button_handler
 *fill*         0x080014d2        0x2 
 .text.button_start
                0x080014d4       0x24 CMakeFiles/TikTak.elf.dir/Core/Src/multi_button.c.obj
                0x080014d4                button_start
 .text.button_ticks
                0x080014f8       0x1c CMakeFiles/TikTak.elf.dir/Core/Src/multi_button.c.obj
                0x080014f8                button_ticks
 .text.HAL_MspInit
                0x08001514       0x44 CMakeFiles/TikTak.elf.dir/Core/Src/stm32f1xx_hal_msp.c.obj
                0x08001514                HAL_MspInit
 .text.NMI_Handler
                0x08001558        0x2 CMakeFiles/TikTak.elf.dir/Core/Src/stm32f1xx_it.c.obj
                0x08001558                NMI_Handler
 .text.HardFault_Handler
                0x0800155a        0x2 CMakeFiles/TikTak.elf.dir/Core/Src/stm32f1xx_it.c.obj
                0x0800155a                HardFault_Handler
 .text.MemManage_Handler
                0x0800155c        0x2 CMakeFiles/TikTak.elf.dir/Core/Src/stm32f1xx_it.c.obj
                0x0800155c                MemManage_Handler
 .text.BusFault_Handler
                0x0800155e        0x2 CMakeFiles/TikTak.elf.dir/Core/Src/stm32f1xx_it.c.obj
                0x0800155e                BusFault_Handler
 .text.UsageFault_Handler
                0x08001560        0x2 CMakeFiles/TikTak.elf.dir/Core/Src/stm32f1xx_it.c.obj
                0x08001560                UsageFault_Handler
 .text.SVC_Handler
                0x08001562        0x2 CMakeFiles/TikTak.elf.dir/Core/Src/stm32f1xx_it.c.obj
                0x08001562                SVC_Handler
 .text.DebugMon_Handler
                0x08001564        0x2 CMakeFiles/TikTak.elf.dir/Core/Src/stm32f1xx_it.c.obj
                0x08001564                DebugMon_Handler
 .text.PendSV_Handler
                0x08001566        0x2 CMakeFiles/TikTak.elf.dir/Core/Src/stm32f1xx_it.c.obj
                0x08001566                PendSV_Handler
 .text.SysTick_Handler
                0x08001568        0x8 CMakeFiles/TikTak.elf.dir/Core/Src/stm32f1xx_it.c.obj
                0x08001568                SysTick_Handler
 .text.TIM2_IRQHandler
                0x08001570       0x10 CMakeFiles/TikTak.elf.dir/Core/Src/stm32f1xx_it.c.obj
                0x08001570                TIM2_IRQHandler
 .text.TIM3_IRQHandler
                0x08001580       0x10 CMakeFiles/TikTak.elf.dir/Core/Src/stm32f1xx_it.c.obj
                0x08001580                TIM3_IRQHandler
 .text.SystemInit
                0x08001590        0x2 CMakeFiles/TikTak.elf.dir/Core/Src/system_stm32f1xx.c.obj
                0x08001590                SystemInit
 *fill*         0x08001592        0x2 
 .text.MX_TIM3_Init
                0x08001594       0x70 CMakeFiles/TikTak.elf.dir/Core/Src/tim.c.obj
                0x08001594                MX_TIM3_Init
 .text.HAL_TIM_Base_MspInit
                0x08001604       0x70 CMakeFiles/TikTak.elf.dir/Core/Src/tim.c.obj
                0x08001604                HAL_TIM_Base_MspInit
 .text.HAL_TIM_MspPostInit
                0x08001674       0x48 CMakeFiles/TikTak.elf.dir/Core/Src/tim.c.obj
                0x08001674                HAL_TIM_MspPostInit
 .text.MX_TIM2_Init
                0x080016bc       0xb4 CMakeFiles/TikTak.elf.dir/Core/Src/tim.c.obj
                0x080016bc                MX_TIM2_Init
 .text.HAL_TIM_PWM_PulseFinishedCallback
                0x08001770       0x20 CMakeFiles/TikTak.elf.dir/Core/Src/tim.c.obj
                0x08001770                HAL_TIM_PWM_PulseFinishedCallback
 .text.HAL_TIM_PeriodElapsedCallback
                0x08001790       0x8c CMakeFiles/TikTak.elf.dir/Core/Src/tim.c.obj
                0x08001790                HAL_TIM_PeriodElapsedCallback
 .text.Reset_Handler
                0x0800181c       0x48 CMakeFiles/TikTak.elf.dir/Core/Startup/startup_stm32f103c6tx.s.obj
                0x0800181c                Reset_Handler
 .text.Default_Handler
                0x08001864        0x2 CMakeFiles/TikTak.elf.dir/Core/Startup/startup_stm32f103c6tx.s.obj
                0x08001864                RTC_Alarm_IRQHandler
                0x08001864                EXTI2_IRQHandler
                0x08001864                TIM1_CC_IRQHandler
                0x08001864                PVD_IRQHandler
                0x08001864                EXTI3_IRQHandler
                0x08001864                EXTI0_IRQHandler
                0x08001864                ADC1_2_IRQHandler
                0x08001864                SPI1_IRQHandler
                0x08001864                TAMPER_IRQHandler
                0x08001864                DMA1_Channel4_IRQHandler
                0x08001864                RTC_IRQHandler
                0x08001864                DMA1_Channel7_IRQHandler
                0x08001864                CAN1_RX1_IRQHandler
                0x08001864                I2C1_EV_IRQHandler
                0x08001864                DMA1_Channel6_IRQHandler
                0x08001864                RCC_IRQHandler
                0x08001864                TIM1_TRG_COM_IRQHandler
                0x08001864                DMA1_Channel1_IRQHandler
                0x08001864                Default_Handler
                0x08001864                EXTI15_10_IRQHandler
                0x08001864                EXTI9_5_IRQHandler
                0x08001864                DMA1_Channel5_IRQHandler
                0x08001864                EXTI4_IRQHandler
                0x08001864                USB_LP_CAN1_RX0_IRQHandler
                0x08001864                USB_HP_CAN1_TX_IRQHandler
                0x08001864                DMA1_Channel3_IRQHandler
                0x08001864                TIM1_UP_IRQHandler
                0x08001864                WWDG_IRQHandler
                0x08001864                TIM1_BRK_IRQHandler
                0x08001864                EXTI1_IRQHandler
                0x08001864                USART2_IRQHandler
                0x08001864                DMA1_Channel2_IRQHandler
                0x08001864                CAN1_SCE_IRQHandler
                0x08001864                FLASH_IRQHandler
                0x08001864                USART1_IRQHandler
                0x08001864                I2C1_ER_IRQHandler
                0x08001864                USBWakeUp_IRQHandler
 *fill*         0x08001866        0x2 
 .text.HAL_InitTick
                0x08001868       0x4c CMakeFiles/TikTak.elf.dir/Drivers/STM32F1xx_HAL_Driver/Src/stm32f1xx_hal.c.obj
                0x08001868                HAL_InitTick
 .text.HAL_Init
                0x080018b4       0x24 CMakeFiles/TikTak.elf.dir/Drivers/STM32F1xx_HAL_Driver/Src/stm32f1xx_hal.c.obj
                0x080018b4                HAL_Init
 .text.HAL_IncTick
                0x080018d8       0x18 CMakeFiles/TikTak.elf.dir/Drivers/STM32F1xx_HAL_Driver/Src/stm32f1xx_hal.c.obj
                0x080018d8                HAL_IncTick
 .text.HAL_GetTick
                0x080018f0        0xc CMakeFiles/TikTak.elf.dir/Drivers/STM32F1xx_HAL_Driver/Src/stm32f1xx_hal.c.obj
                0x080018f0                HAL_GetTick
 .text.HAL_Delay
                0x080018fc       0x28 CMakeFiles/TikTak.elf.dir/Drivers/STM32F1xx_HAL_Driver/Src/stm32f1xx_hal.c.obj
                0x080018fc                HAL_Delay
 .text.HAL_NVIC_SetPriorityGrouping
                0x08001924       0x24 CMakeFiles/TikTak.elf.dir/Drivers/STM32F1xx_HAL_Driver/Src/stm32f1xx_hal_cortex.c.obj
                0x08001924                HAL_NVIC_SetPriorityGrouping
 .text.HAL_NVIC_SetPriority
                0x08001948       0x70 CMakeFiles/TikTak.elf.dir/Drivers/STM32F1xx_HAL_Driver/Src/stm32f1xx_hal_cortex.c.obj
                0x08001948                HAL_NVIC_SetPriority
 .text.HAL_NVIC_EnableIRQ
                0x080019b8       0x1c CMakeFiles/TikTak.elf.dir/Drivers/STM32F1xx_HAL_Driver/Src/stm32f1xx_hal_cortex.c.obj
                0x080019b8                HAL_NVIC_EnableIRQ
 .text.HAL_SYSTICK_Config
                0x080019d4       0x28 CMakeFiles/TikTak.elf.dir/Drivers/STM32F1xx_HAL_Driver/Src/stm32f1xx_hal_cortex.c.obj
                0x080019d4                HAL_SYSTICK_Config
 .text.HAL_GPIO_Init
                0x080019fc      0x220 CMakeFiles/TikTak.elf.dir/Drivers/STM32F1xx_HAL_Driver/Src/stm32f1xx_hal_gpio.c.obj
                0x080019fc                HAL_GPIO_Init
 .text.HAL_GPIO_ReadPin
                0x08001c1c        0xe CMakeFiles/TikTak.elf.dir/Drivers/STM32F1xx_HAL_Driver/Src/stm32f1xx_hal_gpio.c.obj
                0x08001c1c                HAL_GPIO_ReadPin
 .text.HAL_GPIO_WritePin
                0x08001c2a        0xc CMakeFiles/TikTak.elf.dir/Drivers/STM32F1xx_HAL_Driver/Src/stm32f1xx_hal_gpio.c.obj
                0x08001c2a                HAL_GPIO_WritePin
 .text.HAL_GPIO_TogglePin
                0x08001c36       0x12 CMakeFiles/TikTak.elf.dir/Drivers/STM32F1xx_HAL_Driver/Src/stm32f1xx_hal_gpio.c.obj
                0x08001c36                HAL_GPIO_TogglePin
 .text.RCC_Delay
                0x08001c48       0x2c CMakeFiles/TikTak.elf.dir/Drivers/STM32F1xx_HAL_Driver/Src/stm32f1xx_hal_rcc.c.obj
 .text.HAL_RCC_OscConfig
                0x08001c74      0x410 CMakeFiles/TikTak.elf.dir/Drivers/STM32F1xx_HAL_Driver/Src/stm32f1xx_hal_rcc.c.obj
                0x08001c74                HAL_RCC_OscConfig
 .text.HAL_RCC_GetSysClockFreq
                0x08002084       0x54 CMakeFiles/TikTak.elf.dir/Drivers/STM32F1xx_HAL_Driver/Src/stm32f1xx_hal_rcc.c.obj
                0x08002084                HAL_RCC_GetSysClockFreq
 .text.HAL_RCC_ClockConfig
                0x080020d8      0x16c CMakeFiles/TikTak.elf.dir/Drivers/STM32F1xx_HAL_Driver/Src/stm32f1xx_hal_rcc.c.obj
                0x080020d8                HAL_RCC_ClockConfig
 .text.TIM_OC1_SetConfig
                0x08002244       0x5c CMakeFiles/TikTak.elf.dir/Drivers/STM32F1xx_HAL_Driver/Src/stm32f1xx_hal_tim.c.obj
 .text.TIM_OC3_SetConfig
                0x080022a0       0x64 CMakeFiles/TikTak.elf.dir/Drivers/STM32F1xx_HAL_Driver/Src/stm32f1xx_hal_tim.c.obj
 .text.TIM_OC4_SetConfig
                0x08002304       0x48 CMakeFiles/TikTak.elf.dir/Drivers/STM32F1xx_HAL_Driver/Src/stm32f1xx_hal_tim.c.obj
 .text.TIM_TI1_ConfigInputStage
                0x0800234c       0x24 CMakeFiles/TikTak.elf.dir/Drivers/STM32F1xx_HAL_Driver/Src/stm32f1xx_hal_tim.c.obj
 .text.TIM_TI2_ConfigInputStage
                0x08002370       0x26 CMakeFiles/TikTak.elf.dir/Drivers/STM32F1xx_HAL_Driver/Src/stm32f1xx_hal_tim.c.obj
 .text.TIM_ITRx_SetConfig
                0x08002396       0x10 CMakeFiles/TikTak.elf.dir/Drivers/STM32F1xx_HAL_Driver/Src/stm32f1xx_hal_tim.c.obj
 *fill*         0x080023a6        0x2 
 .text.HAL_TIM_Base_Start_IT
                0x080023a8       0x60 CMakeFiles/TikTak.elf.dir/Drivers/STM32F1xx_HAL_Driver/Src/stm32f1xx_hal_tim.c.obj
                0x080023a8                HAL_TIM_Base_Start_IT
 .text.HAL_TIM_PWM_MspInit
                0x08002408        0x2 CMakeFiles/TikTak.elf.dir/Drivers/STM32F1xx_HAL_Driver/Src/stm32f1xx_hal_tim.c.obj
                0x08002408                HAL_TIM_PWM_MspInit
 .text.HAL_TIM_OC_DelayElapsedCallback
                0x0800240a        0x2 CMakeFiles/TikTak.elf.dir/Drivers/STM32F1xx_HAL_Driver/Src/stm32f1xx_hal_tim.c.obj
                0x0800240a                HAL_TIM_OC_DelayElapsedCallback
 .text.HAL_TIM_IC_CaptureCallback
                0x0800240c        0x2 CMakeFiles/TikTak.elf.dir/Drivers/STM32F1xx_HAL_Driver/Src/stm32f1xx_hal_tim.c.obj
                0x0800240c                HAL_TIM_IC_CaptureCallback
 .text.HAL_TIM_TriggerCallback
                0x0800240e        0x2 CMakeFiles/TikTak.elf.dir/Drivers/STM32F1xx_HAL_Driver/Src/stm32f1xx_hal_tim.c.obj
                0x0800240e                HAL_TIM_TriggerCallback
 .text.HAL_TIM_IRQHandler
                0x08002410      0x17a CMakeFiles/TikTak.elf.dir/Drivers/STM32F1xx_HAL_Driver/Src/stm32f1xx_hal_tim.c.obj
                0x08002410                HAL_TIM_IRQHandler
 *fill*         0x0800258a        0x2 
 .text.TIM_Base_SetConfig
                0x0800258c       0x64 CMakeFiles/TikTak.elf.dir/Drivers/STM32F1xx_HAL_Driver/Src/stm32f1xx_hal_tim.c.obj
                0x0800258c                TIM_Base_SetConfig
 .text.HAL_TIM_Base_Init
                0x080025f0       0x58 CMakeFiles/TikTak.elf.dir/Drivers/STM32F1xx_HAL_Driver/Src/stm32f1xx_hal_tim.c.obj
                0x080025f0                HAL_TIM_Base_Init
 .text.HAL_TIM_PWM_Init
                0x08002648       0x58 CMakeFiles/TikTak.elf.dir/Drivers/STM32F1xx_HAL_Driver/Src/stm32f1xx_hal_tim.c.obj
                0x08002648                HAL_TIM_PWM_Init
 .text.TIM_OC2_SetConfig
                0x080026a0       0x64 CMakeFiles/TikTak.elf.dir/Drivers/STM32F1xx_HAL_Driver/Src/stm32f1xx_hal_tim.c.obj
                0x080026a0                TIM_OC2_SetConfig
 .text.HAL_TIM_PWM_ConfigChannel
                0x08002704       0xdc CMakeFiles/TikTak.elf.dir/Drivers/STM32F1xx_HAL_Driver/Src/stm32f1xx_hal_tim.c.obj
                0x08002704                HAL_TIM_PWM_ConfigChannel
 .text.TIM_ETR_SetConfig
                0x080027e0       0x18 CMakeFiles/TikTak.elf.dir/Drivers/STM32F1xx_HAL_Driver/Src/stm32f1xx_hal_tim.c.obj
                0x080027e0                TIM_ETR_SetConfig
 .text.HAL_TIM_ConfigClockSource
                0x080027f8       0xfe CMakeFiles/TikTak.elf.dir/Drivers/STM32F1xx_HAL_Driver/Src/stm32f1xx_hal_tim.c.obj
                0x080027f8                HAL_TIM_ConfigClockSource
 .text.TIM_CCxChannelCmd
                0x080028f6       0x1e CMakeFiles/TikTak.elf.dir/Drivers/STM32F1xx_HAL_Driver/Src/stm32f1xx_hal_tim.c.obj
                0x080028f6                TIM_CCxChannelCmd
 .text.HAL_TIM_PWM_Start_IT
                0x08002914      0x11c CMakeFiles/TikTak.elf.dir/Drivers/STM32F1xx_HAL_Driver/Src/stm32f1xx_hal_tim.c.obj
                0x08002914                HAL_TIM_PWM_Start_IT
 .text.HAL_TIM_PWM_Stop_IT
                0x08002a30       0xd4 CMakeFiles/TikTak.elf.dir/Drivers/STM32F1xx_HAL_Driver/Src/stm32f1xx_hal_tim.c.obj
                0x08002a30                HAL_TIM_PWM_Stop_IT
 .text.HAL_TIMEx_MasterConfigSynchronization
                0x08002b04       0x64 CMakeFiles/TikTak.elf.dir/Drivers/STM32F1xx_HAL_Driver/Src/stm32f1xx_hal_tim_ex.c.obj
                0x08002b04                HAL_TIMEx_MasterConfigSynchronization
 .text.HAL_TIMEx_CommutCallback
                0x08002b68        0x2 CMakeFiles/TikTak.elf.dir/Drivers/STM32F1xx_HAL_Driver/Src/stm32f1xx_hal_tim_ex.c.obj
                0x08002b68                HAL_TIMEx_CommutCallback
 .text.HAL_TIMEx_BreakCallback
                0x08002b6a        0x2 CMakeFiles/TikTak.elf.dir/Drivers/STM32F1xx_HAL_Driver/Src/stm32f1xx_hal_tim_ex.c.obj
                0x08002b6a                HAL_TIMEx_BreakCallback
 .text.__libc_init_array
                0x08002b6c       0x48 c:/embbedevaconfig/gcc-arm-none-eabi-10.3-2021.10/bin/../lib/gcc/arm-none-eabi/10.3.1/../../../../arm-none-eabi/lib/thumb/v7-m/nofp\libg.a(lib_a-init.o)
                0x08002b6c                __libc_init_array
 .text.memset   0x08002bb4       0xa4 c:/embbedevaconfig/gcc-arm-none-eabi-10.3-2021.10/bin/../lib/gcc/arm-none-eabi/10.3.1/../../../../arm-none-eabi/lib/thumb/v7-m/nofp\libg.a(lib_a-memset.o)
                0x08002bb4                memset
 .text.startup.register_fini
                0x08002c58       0x14 c:/embbedevaconfig/gcc-arm-none-eabi-10.3-2021.10/bin/../lib/gcc/arm-none-eabi/10.3.1/../../../../arm-none-eabi/lib/thumb/v7-m/nofp\libg.a(lib_a-__call_atexit.o)
 .text.atexit   0x08002c6c        0xc c:/embbedevaconfig/gcc-arm-none-eabi-10.3-2021.10/bin/../lib/gcc/arm-none-eabi/10.3.1/../../../../arm-none-eabi/lib/thumb/v7-m/nofp\libg.a(lib_a-atexit.o)
                0x08002c6c                atexit
 .text.__libc_fini_array
                0x08002c78       0x2c c:/embbedevaconfig/gcc-arm-none-eabi-10.3-2021.10/bin/../lib/gcc/arm-none-eabi/10.3.1/../../../../arm-none-eabi/lib/thumb/v7-m/nofp\libg.a(lib_a-fini.o)
                0x08002c78                __libc_fini_array
 .text.__retarget_lock_acquire_recursive
                0x08002ca4        0x4 c:/embbedevaconfig/gcc-arm-none-eabi-10.3-2021.10/bin/../lib/gcc/arm-none-eabi/10.3.1/../../../../arm-none-eabi/lib/thumb/v7-m/nofp\libg.a(lib_a-lock.o)
                0x08002ca4                __retarget_lock_acquire_recursive
 .text.__retarget_lock_release_recursive
                0x08002ca8        0x4 c:/embbedevaconfig/gcc-arm-none-eabi-10.3-2021.10/bin/../lib/gcc/arm-none-eabi/10.3.1/../../../../arm-none-eabi/lib/thumb/v7-m/nofp\libg.a(lib_a-lock.o)
                0x08002ca8                __retarget_lock_release_recursive
 .text.__register_exitproc
                0x08002cac       0x8c c:/embbedevaconfig/gcc-arm-none-eabi-10.3-2021.10/bin/../lib/gcc/arm-none-eabi/10.3.1/../../../../arm-none-eabi/lib/thumb/v7-m/nofp\libg.a(lib_a-__atexit.o)
                0x08002cac                __register_exitproc
 *(.glue_7)
 .glue_7        0x08002d38        0x0 linker stubs
 *(.glue_7t)
 .glue_7t       0x08002d38        0x0 linker stubs
 *(.eh_frame)
 .eh_frame      0x08002d38        0x0 c:/embbedevaconfig/gcc-arm-none-eabi-10.3-2021.10/bin/../lib/gcc/arm-none-eabi/10.3.1/thumb/v7-m/nofp/crtbegin.o
 *(.init)
 .init          0x08002d38        0x4 c:/embbedevaconfig/gcc-arm-none-eabi-10.3-2021.10/bin/../lib/gcc/arm-none-eabi/10.3.1/thumb/v7-m/nofp/crti.o
                0x08002d38                _init
 .init          0x08002d3c        0x8 c:/embbedevaconfig/gcc-arm-none-eabi-10.3-2021.10/bin/../lib/gcc/arm-none-eabi/10.3.1/thumb/v7-m/nofp/crtn.o
 *(.fini)
 .fini          0x08002d44        0x4 c:/embbedevaconfig/gcc-arm-none-eabi-10.3-2021.10/bin/../lib/gcc/arm-none-eabi/10.3.1/thumb/v7-m/nofp/crti.o
                0x08002d44                _fini
 .fini          0x08002d48        0x8 c:/embbedevaconfig/gcc-arm-none-eabi-10.3-2021.10/bin/../lib/gcc/arm-none-eabi/10.3.1/thumb/v7-m/nofp/crtn.o
                0x08002d50                . = ALIGN (0x4)
                0x08002d50                _etext = .

.vfp11_veneer   0x08002d50        0x0
 .vfp11_veneer  0x08002d50        0x0 linker stubs

.v4_bx          0x08002d50        0x0
 .v4_bx         0x08002d50        0x0 linker stubs

.iplt           0x08002d50        0x0
 .iplt          0x08002d50        0x0 c:/embbedevaconfig/gcc-arm-none-eabi-10.3-2021.10/bin/../lib/gcc/arm-none-eabi/10.3.1/thumb/v7-m/nofp/crtbegin.o

.rodata         0x08002d50      0x674
                0x08002d50                . = ALIGN (0x4)
 *(.rodata)
 *(.rodata*)
 .rodata.OLED_F8x16
                0x08002d50      0x5f0 CMakeFiles/TikTak.elf.dir/Core/Src/OLED_Front.c.obj
                0x08002d50                OLED_F8x16
 .rodata.Str_pitch
                0x08003340        0x3 CMakeFiles/TikTak.elf.dir/Core/Src/TicPlay.c.obj
                0x08003340                Str_pitch
 *fill*         0x08003343        0x1 
 .rodata.display_Struct.str1.4
                0x08003344       0x4f CMakeFiles/TikTak.elf.dir/Core/Src/main.c.obj
                                 0x53 (size before relaxing)
 *fill*         0x08003393        0x1 
 .rodata.main.str1.4
                0x08003394        0x6 CMakeFiles/TikTak.elf.dir/Core/Src/main.c.obj
 *fill*         0x0800339a        0x2 
 .rodata.AHBPrescTable
                0x0800339c       0x10 CMakeFiles/TikTak.elf.dir/Core/Src/system_stm32f1xx.c.obj
                0x0800339c                AHBPrescTable
 .rodata.aPLLMULFactorTable.1
                0x080033ac       0x10 CMakeFiles/TikTak.elf.dir/Drivers/STM32F1xx_HAL_Driver/Src/stm32f1xx_hal_rcc.c.obj
 .rodata.aPredivFactorTable.0
                0x080033bc        0x2 CMakeFiles/TikTak.elf.dir/Drivers/STM32F1xx_HAL_Driver/Src/stm32f1xx_hal_rcc.c.obj
 *fill*         0x080033be        0x2 
 .rodata._global_impure_ptr
                0x080033c0        0x4 c:/embbedevaconfig/gcc-arm-none-eabi-10.3-2021.10/bin/../lib/gcc/arm-none-eabi/10.3.1/../../../../arm-none-eabi/lib/thumb/v7-m/nofp\libg.a(lib_a-impure.o)
                0x080033c0                _global_impure_ptr
                0x080033c4                . = ALIGN (0x4)

.rel.dyn        0x080033c4        0x0
 .rel.iplt      0x080033c4        0x0 c:/embbedevaconfig/gcc-arm-none-eabi-10.3-2021.10/bin/../lib/gcc/arm-none-eabi/10.3.1/thumb/v7-m/nofp/crtbegin.o

.ARM.extab      0x080033c4        0x0
                0x080033c4                . = ALIGN (0x4)
 *(.ARM.extab* .gnu.linkonce.armextab.*)
                0x080033c4                . = ALIGN (0x4)

.ARM            0x080033c4        0x0
                0x080033c4                . = ALIGN (0x4)
                0x080033c4                __exidx_start = .
 *(.ARM.exidx*)
                0x080033c4                __exidx_end = .
                0x080033c4                . = ALIGN (0x4)

.preinit_array  0x080033c4        0x0
                0x080033c4                . = ALIGN (0x4)
                0x080033c4                PROVIDE (__preinit_array_start = .)
 *(.preinit_array*)
                0x080033c4                PROVIDE (__preinit_array_end = .)
                0x080033c4                . = ALIGN (0x4)

.init_array     0x080033c4        0x8
                0x080033c4                . = ALIGN (0x4)
                0x080033c4                PROVIDE (__init_array_start = .)
 *(SORT_BY_NAME(.init_array.*))
 .init_array.00000
                0x080033c4        0x4 c:/embbedevaconfig/gcc-arm-none-eabi-10.3-2021.10/bin/../lib/gcc/arm-none-eabi/10.3.1/../../../../arm-none-eabi/lib/thumb/v7-m/nofp\libg.a(lib_a-__call_atexit.o)
 *(.init_array*)
 .init_array    0x080033c8        0x4 c:/embbedevaconfig/gcc-arm-none-eabi-10.3-2021.10/bin/../lib/gcc/arm-none-eabi/10.3.1/thumb/v7-m/nofp/crtbegin.o
                0x080033cc                PROVIDE (__init_array_end = .)
                0x080033cc                . = ALIGN (0x4)

.fini_array     0x080033cc        0x4
                0x080033cc                . = ALIGN (0x4)
                0x080033cc                PROVIDE (__fini_array_start = .)
 *(SORT_BY_NAME(.fini_array.*))
 *(.fini_array*)
 .fini_array    0x080033cc        0x4 c:/embbedevaconfig/gcc-arm-none-eabi-10.3-2021.10/bin/../lib/gcc/arm-none-eabi/10.3.1/thumb/v7-m/nofp/crtbegin.o
                0x080033d0                PROVIDE (__fini_array_end = .)
                0x080033d0                . = ALIGN (0x4)
                0x080033d0                _sidata = LOADADDR (.data)

.data           0x20000000      0x474 load address 0x080033d0
                0x20000000                . = ALIGN (0x4)
                0x20000000                _sdata = .
 *(.data)
 *(.data*)
 .data.BPM      0x20000000        0x2 CMakeFiles/TikTak.elf.dir/Core/Src/TicPlay.c.obj
                0x20000000                BPM
 *fill*         0x20000002        0x2 
 .data.Key      0x20000004       0x12 CMakeFiles/TikTak.elf.dir/Core/Src/TicPlay.c.obj
                0x20000004                Key
 .data.Nc       0x20000016        0x2 CMakeFiles/TikTak.elf.dir/Core/Src/TicPlay.c.obj
                0x20000016                Nc
 .data.Nd       0x20000018        0x2 CMakeFiles/TikTak.elf.dir/Core/Src/TicPlay.c.obj
                0x20000018                Nd
 *fill*         0x2000001a        0x2 
 .data.PlayQueueMode
                0x2000001c       0x10 CMakeFiles/TikTak.elf.dir/Core/Src/TicPlay.c.obj
                0x2000001c                PlayQueueMode
 .data.SettingBuff
                0x2000002c        0xa CMakeFiles/TikTak.elf.dir/Core/Src/TicPlay.c.obj
                0x2000002c                SettingBuff
 .data.OldState.0
                0x20000036        0x1 CMakeFiles/TikTak.elf.dir/Core/Src/main.c.obj
 .data.Play_Flag
                0x20000037        0x1 CMakeFiles/TikTak.elf.dir/Core/Src/main.c.obj
                0x20000037                Play_Flag
 .data.Value_Add_direction_flag
                0x20000038        0x1 CMakeFiles/TikTak.elf.dir/Core/Src/main.c.obj
                0x20000038                Value_Add_direction_flag
 *fill*         0x20000039        0x3 
 .data.SystemCoreClock
                0x2000003c        0x4 CMakeFiles/TikTak.elf.dir/Core/Src/system_stm32f1xx.c.obj
                0x2000003c                SystemCoreClock
 .data.uwTickFreq
                0x20000040        0x1 CMakeFiles/TikTak.elf.dir/Drivers/STM32F1xx_HAL_Driver/Src/stm32f1xx_hal.c.obj
                0x20000040                uwTickFreq
 *fill*         0x20000041        0x3 
 .data.uwTickPrio
                0x20000044        0x4 CMakeFiles/TikTak.elf.dir/Drivers/STM32F1xx_HAL_Driver/Src/stm32f1xx_hal.c.obj
                0x20000044                uwTickPrio
 .data.impure_data
                0x20000048      0x428 c:/embbedevaconfig/gcc-arm-none-eabi-10.3-2021.10/bin/../lib/gcc/arm-none-eabi/10.3.1/../../../../arm-none-eabi/lib/thumb/v7-m/nofp\libg.a(lib_a-impure.o)
 .data.__atexit_recursive_mutex
                0x20000470        0x4 c:/embbedevaconfig/gcc-arm-none-eabi-10.3-2021.10/bin/../lib/gcc/arm-none-eabi/10.3.1/../../../../arm-none-eabi/lib/thumb/v7-m/nofp\libg.a(lib_a-__call_atexit.o)
                0x20000470                __atexit_recursive_mutex
 *(.RamFunc)
 *(.RamFunc*)
                0x20000474                . = ALIGN (0x4)
                0x20000474                _edata = .

.igot.plt       0x20000474        0x0 load address 0x08003844
 .igot.plt      0x20000474        0x0 c:/embbedevaconfig/gcc-arm-none-eabi-10.3-2021.10/bin/../lib/gcc/arm-none-eabi/10.3.1/thumb/v7-m/nofp/crtbegin.o
                0x20000474                . = ALIGN (0x4)

.bss            0x20000474      0x190 load address 0x08003844
                0x20000474                _sbss = .
                0x20000474                __bss_start__ = _sbss
 *(.bss)
 .bss           0x20000474       0x1c c:/embbedevaconfig/gcc-arm-none-eabi-10.3-2021.10/bin/../lib/gcc/arm-none-eabi/10.3.1/thumb/v7-m/nofp/crtbegin.o
 *(.bss*)
 .bss.FixFlag   0x20000490        0x1 CMakeFiles/TikTak.elf.dir/Core/Src/TicPlay.c.obj
                0x20000490                FixFlag
 *fill*         0x20000491        0x3 
 .bss.PlayQueue
                0x20000494       0x60 CMakeFiles/TikTak.elf.dir/Core/Src/TicPlay.c.obj
                0x20000494                PlayQueue
 .bss.Play_Index
                0x200004f4        0x1 CMakeFiles/TikTak.elf.dir/Core/Src/TicPlay.c.obj
 .bss.Setting_FixIndex
                0x200004f5        0x1 CMakeFiles/TikTak.elf.dir/Core/Src/TicPlay.c.obj
                0x200004f5                Setting_FixIndex
 .bss.Tick_Counter
                0x200004f6        0x2 CMakeFiles/TikTak.elf.dir/Core/Src/TicPlay.c.obj
 .bss.App_State
                0x200004f8        0x1 CMakeFiles/TikTak.elf.dir/Core/Src/main.c.obj
                0x200004f8                App_State
 *fill*         0x200004f9        0x3 
 .bss.Btn1      0x200004fc       0x2c CMakeFiles/TikTak.elf.dir/Core/Src/main.c.obj
                0x200004fc                Btn1
 .bss.Btn1_AddFlag
                0x20000528        0x1 CMakeFiles/TikTak.elf.dir/Core/Src/main.c.obj
                0x20000528                Btn1_AddFlag
 .bss.Practice_Flag
                0x20000529        0x1 CMakeFiles/TikTak.elf.dir/Core/Src/main.c.obj
                0x20000529                Practice_Flag
 .bss.Practice_TIM_Res_Flag
                0x2000052a        0x1 CMakeFiles/TikTak.elf.dir/Core/Src/main.c.obj
                0x2000052a                Practice_TIM_Res_Flag
 *fill*         0x2000052b        0x1 
 .bss.Setting   0x2000052c       0x2c CMakeFiles/TikTak.elf.dir/Core/Src/main.c.obj
                0x2000052c                Setting
 .bss.SettingFlag
                0x20000558        0x1 CMakeFiles/TikTak.elf.dir/Core/Src/main.c.obj
                0x20000558                SettingFlag
 .bss.Setting_Next_Flag
                0x20000559        0x1 CMakeFiles/TikTak.elf.dir/Core/Src/main.c.obj
                0x20000559                Setting_Next_Flag
 .bss.display_flag
                0x2000055a        0x1 CMakeFiles/TikTak.elf.dir/Core/Src/main.c.obj
                0x2000055a                display_flag
 .bss.star_flag.1
                0x2000055b        0x1 CMakeFiles/TikTak.elf.dir/Core/Src/main.c.obj
 .bss.head_handle
                0x2000055c        0x4 CMakeFiles/TikTak.elf.dir/Core/Src/multi_button.c.obj
 .bss.Hour      0x20000560        0x1 CMakeFiles/TikTak.elf.dir/Core/Src/tim.c.obj
                0x20000560                Hour
 .bss.Min       0x20000561        0x1 CMakeFiles/TikTak.elf.dir/Core/Src/tim.c.obj
                0x20000561                Min
 .bss.Sec       0x20000562        0x1 CMakeFiles/TikTak.elf.dir/Core/Src/tim.c.obj
                0x20000562                Sec
 .bss.Sec_Clear_flag
                0x20000563        0x1 CMakeFiles/TikTak.elf.dir/Core/Src/tim.c.obj
                0x20000563                Sec_Clear_flag
 .bss.TIM3_Counter.0
                0x20000564        0x2 CMakeFiles/TikTak.elf.dir/Core/Src/tim.c.obj
 *fill*         0x20000566        0x2 
 .bss.htim2     0x20000568       0x48 CMakeFiles/TikTak.elf.dir/Core/Src/tim.c.obj
                0x20000568                htim2
 .bss.htim3     0x200005b0       0x48 CMakeFiles/TikTak.elf.dir/Core/Src/tim.c.obj
                0x200005b0                htim3
 .bss.time_flag
                0x200005f8        0x1 CMakeFiles/TikTak.elf.dir/Core/Src/tim.c.obj
                0x200005f8                time_flag
 *fill*         0x200005f9        0x3 
 .bss.uwTick    0x200005fc        0x4 CMakeFiles/TikTak.elf.dir/Drivers/STM32F1xx_HAL_Driver/Src/stm32f1xx_hal.c.obj
                0x200005fc                uwTick
 .bss.__lock___atexit_recursive_mutex
                0x20000600        0x1 c:/embbedevaconfig/gcc-arm-none-eabi-10.3-2021.10/bin/../lib/gcc/arm-none-eabi/10.3.1/../../../../arm-none-eabi/lib/thumb/v7-m/nofp\libg.a(lib_a-lock.o)
                0x20000600                __lock___atexit_recursive_mutex
 *(COMMON)
                0x20000604                . = ALIGN (0x4)
 *fill*         0x20000601        0x3 
                0x20000604                _ebss = .
                0x20000604                __bss_end__ = _ebss

._user_heap_stack
                0x20000604      0x604 load address 0x08003844
                0x20000608                . = ALIGN (0x8)
 *fill*         0x20000604        0x4 
                [!provide]                PROVIDE (end = .)
                0x20000608                PROVIDE (_end = .)
                0x20000808                . = (. + _Min_Heap_Size)
 *fill*         0x20000608      0x200 
                0x20000c08                . = (. + _Min_Stack_Size)
 *fill*         0x20000808      0x400 
                0x20000c08                . = ALIGN (0x8)

/DISCARD/
 libc.a(*)
 libm.a(*)
 libgcc.a(*)

.ARM.attributes
                0x00000000       0x29
 *(.ARM.attributes)
 .ARM.attributes
                0x00000000       0x1d c:/embbedevaconfig/gcc-arm-none-eabi-10.3-2021.10/bin/../lib/gcc/arm-none-eabi/10.3.1/thumb/v7-m/nofp/crti.o
 .ARM.attributes
                0x0000001d       0x2d c:/embbedevaconfig/gcc-arm-none-eabi-10.3-2021.10/bin/../lib/gcc/arm-none-eabi/10.3.1/thumb/v7-m/nofp/crtbegin.o
 .ARM.attributes
                0x0000004a       0x2d CMakeFiles/TikTak.elf.dir/Core/Src/OLED.c.obj
 .ARM.attributes
                0x00000077       0x2d CMakeFiles/TikTak.elf.dir/Core/Src/OLED_Front.c.obj
 .ARM.attributes
                0x000000a4       0x2d CMakeFiles/TikTak.elf.dir/Core/Src/TicPlay.c.obj
 .ARM.attributes
                0x000000d1       0x2d CMakeFiles/TikTak.elf.dir/Core/Src/gpio.c.obj
 .ARM.attributes
                0x000000fe       0x2d CMakeFiles/TikTak.elf.dir/Core/Src/main.c.obj
 .ARM.attributes
                0x0000012b       0x2d CMakeFiles/TikTak.elf.dir/Core/Src/multi_button.c.obj
 .ARM.attributes
                0x00000158       0x2d CMakeFiles/TikTak.elf.dir/Core/Src/stm32f1xx_hal_msp.c.obj
 .ARM.attributes
                0x00000185       0x2d CMakeFiles/TikTak.elf.dir/Core/Src/stm32f1xx_it.c.obj
 .ARM.attributes
                0x000001b2       0x2d CMakeFiles/TikTak.elf.dir/Core/Src/system_stm32f1xx.c.obj
 .ARM.attributes
                0x000001df       0x2d CMakeFiles/TikTak.elf.dir/Core/Src/tim.c.obj
 .ARM.attributes
                0x0000020c       0x21 CMakeFiles/TikTak.elf.dir/Core/Startup/startup_stm32f103c6tx.s.obj
 .ARM.attributes
                0x0000022d       0x2d CMakeFiles/TikTak.elf.dir/Drivers/STM32F1xx_HAL_Driver/Src/stm32f1xx_hal.c.obj
 .ARM.attributes
                0x0000025a       0x2d CMakeFiles/TikTak.elf.dir/Drivers/STM32F1xx_HAL_Driver/Src/stm32f1xx_hal_cortex.c.obj
 .ARM.attributes
                0x00000287       0x2d CMakeFiles/TikTak.elf.dir/Drivers/STM32F1xx_HAL_Driver/Src/stm32f1xx_hal_gpio.c.obj
 .ARM.attributes
                0x000002b4       0x2d CMakeFiles/TikTak.elf.dir/Drivers/STM32F1xx_HAL_Driver/Src/stm32f1xx_hal_rcc.c.obj
 .ARM.attributes
                0x000002e1       0x2d CMakeFiles/TikTak.elf.dir/Drivers/STM32F1xx_HAL_Driver/Src/stm32f1xx_hal_tim.c.obj
 .ARM.attributes
                0x0000030e       0x2d CMakeFiles/TikTak.elf.dir/Drivers/STM32F1xx_HAL_Driver/Src/stm32f1xx_hal_tim_ex.c.obj
 .ARM.attributes
                0x0000033b       0x2d c:/embbedevaconfig/gcc-arm-none-eabi-10.3-2021.10/bin/../lib/gcc/arm-none-eabi/10.3.1/../../../../arm-none-eabi/lib/thumb/v7-m/nofp\libg.a(lib_a-impure.o)
 .ARM.attributes
                0x00000368       0x2d c:/embbedevaconfig/gcc-arm-none-eabi-10.3-2021.10/bin/../lib/gcc/arm-none-eabi/10.3.1/../../../../arm-none-eabi/lib/thumb/v7-m/nofp\libg.a(lib_a-init.o)
 .ARM.attributes
                0x00000395       0x2d c:/embbedevaconfig/gcc-arm-none-eabi-10.3-2021.10/bin/../lib/gcc/arm-none-eabi/10.3.1/../../../../arm-none-eabi/lib/thumb/v7-m/nofp\libg.a(lib_a-memset.o)
 .ARM.attributes
                0x000003c2       0x2d c:/embbedevaconfig/gcc-arm-none-eabi-10.3-2021.10/bin/../lib/gcc/arm-none-eabi/10.3.1/../../../../arm-none-eabi/lib/thumb/v7-m/nofp\libg.a(lib_a-__call_atexit.o)
 .ARM.attributes
                0x000003ef       0x2d c:/embbedevaconfig/gcc-arm-none-eabi-10.3-2021.10/bin/../lib/gcc/arm-none-eabi/10.3.1/../../../../arm-none-eabi/lib/thumb/v7-m/nofp\libg.a(lib_a-atexit.o)
 .ARM.attributes
                0x0000041c       0x2d c:/embbedevaconfig/gcc-arm-none-eabi-10.3-2021.10/bin/../lib/gcc/arm-none-eabi/10.3.1/../../../../arm-none-eabi/lib/thumb/v7-m/nofp\libg.a(lib_a-fini.o)
 .ARM.attributes
                0x00000449       0x2d c:/embbedevaconfig/gcc-arm-none-eabi-10.3-2021.10/bin/../lib/gcc/arm-none-eabi/10.3.1/../../../../arm-none-eabi/lib/thumb/v7-m/nofp\libg.a(lib_a-lock.o)
 .ARM.attributes
                0x00000476       0x2d c:/embbedevaconfig/gcc-arm-none-eabi-10.3-2021.10/bin/../lib/gcc/arm-none-eabi/10.3.1/../../../../arm-none-eabi/lib/thumb/v7-m/nofp\libg.a(lib_a-__atexit.o)
 .ARM.attributes
                0x000004a3       0x1d c:/embbedevaconfig/gcc-arm-none-eabi-10.3-2021.10/bin/../lib/gcc/arm-none-eabi/10.3.1/thumb/v7-m/nofp/crtn.o
OUTPUT(TikTak.elf elf32-littlearm)
LOAD linker stubs
LOAD c:/embbedevaconfig/gcc-arm-none-eabi-10.3-2021.10/bin/../lib/gcc/arm-none-eabi/10.3.1/../../../../arm-none-eabi/lib/thumb/v7-m/nofp\libc.a
LOAD c:/embbedevaconfig/gcc-arm-none-eabi-10.3-2021.10/bin/../lib/gcc/arm-none-eabi/10.3.1/../../../../arm-none-eabi/lib/thumb/v7-m/nofp\libm.a
LOAD c:/embbedevaconfig/gcc-arm-none-eabi-10.3-2021.10/bin/../lib/gcc/arm-none-eabi/10.3.1/thumb/v7-m/nofp\libgcc.a

.debug_info     0x00000000     0xd3f3
 .debug_info    0x00000000      0xc7f CMakeFiles/TikTak.elf.dir/Core/Src/OLED.c.obj
 .debug_info    0x00000c7f      0x123 CMakeFiles/TikTak.elf.dir/Core/Src/OLED_Front.c.obj
 .debug_info    0x00000da2      0xcf1 CMakeFiles/TikTak.elf.dir/Core/Src/TicPlay.c.obj
 .debug_info    0x00001a93      0x3da CMakeFiles/TikTak.elf.dir/Core/Src/gpio.c.obj
 .debug_info    0x00001e6d     0x1816 CMakeFiles/TikTak.elf.dir/Core/Src/main.c.obj
 .debug_info    0x00003683      0x4de CMakeFiles/TikTak.elf.dir/Core/Src/multi_button.c.obj
 .debug_info    0x00003b61      0x218 CMakeFiles/TikTak.elf.dir/Core/Src/stm32f1xx_hal_msp.c.obj
 .debug_info    0x00003d79      0x732 CMakeFiles/TikTak.elf.dir/Core/Src/stm32f1xx_it.c.obj
 .debug_info    0x000044ab      0x248 CMakeFiles/TikTak.elf.dir/Core/Src/system_stm32f1xx.c.obj
 .debug_info    0x000046f3      0xf31 CMakeFiles/TikTak.elf.dir/Core/Src/tim.c.obj
 .debug_info    0x00005624       0x22 CMakeFiles/TikTak.elf.dir/Core/Startup/startup_stm32f103c6tx.s.obj
 .debug_info    0x00005646      0x78a CMakeFiles/TikTak.elf.dir/Drivers/STM32F1xx_HAL_Driver/Src/stm32f1xx_hal.c.obj
 .debug_info    0x00005dd0      0xd6c CMakeFiles/TikTak.elf.dir/Drivers/STM32F1xx_HAL_Driver/Src/stm32f1xx_hal_cortex.c.obj
 .debug_info    0x00006b3c      0x66f CMakeFiles/TikTak.elf.dir/Drivers/STM32F1xx_HAL_Driver/Src/stm32f1xx_hal_gpio.c.obj
 .debug_info    0x000071ab      0xa3b CMakeFiles/TikTak.elf.dir/Drivers/STM32F1xx_HAL_Driver/Src/stm32f1xx_hal_rcc.c.obj
 .debug_info    0x00007be6     0x3d52 CMakeFiles/TikTak.elf.dir/Drivers/STM32F1xx_HAL_Driver/Src/stm32f1xx_hal_tim.c.obj
 .debug_info    0x0000b938     0x1abb CMakeFiles/TikTak.elf.dir/Drivers/STM32F1xx_HAL_Driver/Src/stm32f1xx_hal_tim_ex.c.obj

.debug_abbrev   0x00000000     0x1f43
 .debug_abbrev  0x00000000      0x1fa CMakeFiles/TikTak.elf.dir/Core/Src/OLED.c.obj
 .debug_abbrev  0x000001fa       0x93 CMakeFiles/TikTak.elf.dir/Core/Src/OLED_Front.c.obj
 .debug_abbrev  0x0000028d      0x28e CMakeFiles/TikTak.elf.dir/Core/Src/TicPlay.c.obj
 .debug_abbrev  0x0000051b      0x13c CMakeFiles/TikTak.elf.dir/Core/Src/gpio.c.obj
 .debug_abbrev  0x00000657      0x331 CMakeFiles/TikTak.elf.dir/Core/Src/main.c.obj
 .debug_abbrev  0x00000988      0x1e9 CMakeFiles/TikTak.elf.dir/Core/Src/multi_button.c.obj
 .debug_abbrev  0x00000b71       0xe5 CMakeFiles/TikTak.elf.dir/Core/Src/stm32f1xx_hal_msp.c.obj
 .debug_abbrev  0x00000c56      0x179 CMakeFiles/TikTak.elf.dir/Core/Src/stm32f1xx_it.c.obj
 .debug_abbrev  0x00000dcf      0x13e CMakeFiles/TikTak.elf.dir/Core/Src/system_stm32f1xx.c.obj
 .debug_abbrev  0x00000f0d      0x202 CMakeFiles/TikTak.elf.dir/Core/Src/tim.c.obj
 .debug_abbrev  0x0000110f       0x12 CMakeFiles/TikTak.elf.dir/Core/Startup/startup_stm32f103c6tx.s.obj
 .debug_abbrev  0x00001121      0x1f4 CMakeFiles/TikTak.elf.dir/Drivers/STM32F1xx_HAL_Driver/Src/stm32f1xx_hal.c.obj
 .debug_abbrev  0x00001315      0x341 CMakeFiles/TikTak.elf.dir/Drivers/STM32F1xx_HAL_Driver/Src/stm32f1xx_hal_cortex.c.obj
 .debug_abbrev  0x00001656      0x1e6 CMakeFiles/TikTak.elf.dir/Drivers/STM32F1xx_HAL_Driver/Src/stm32f1xx_hal_gpio.c.obj
 .debug_abbrev  0x0000183c      0x27a CMakeFiles/TikTak.elf.dir/Drivers/STM32F1xx_HAL_Driver/Src/stm32f1xx_hal_rcc.c.obj
 .debug_abbrev  0x00001ab6      0x245 CMakeFiles/TikTak.elf.dir/Drivers/STM32F1xx_HAL_Driver/Src/stm32f1xx_hal_tim.c.obj
 .debug_abbrev  0x00001cfb      0x248 CMakeFiles/TikTak.elf.dir/Drivers/STM32F1xx_HAL_Driver/Src/stm32f1xx_hal_tim_ex.c.obj

.debug_loc      0x00000000     0x8e35
 .debug_loc     0x00000000      0x77c CMakeFiles/TikTak.elf.dir/Core/Src/OLED.c.obj
 .debug_loc     0x0000077c      0x149 CMakeFiles/TikTak.elf.dir/Core/Src/TicPlay.c.obj
 .debug_loc     0x000008c5       0xa1 CMakeFiles/TikTak.elf.dir/Core/Src/main.c.obj
 .debug_loc     0x00000966      0x212 CMakeFiles/TikTak.elf.dir/Core/Src/multi_button.c.obj
 .debug_loc     0x00000b78       0x15 CMakeFiles/TikTak.elf.dir/Core/Src/stm32f1xx_hal_msp.c.obj
 .debug_loc     0x00000b8d       0xff CMakeFiles/TikTak.elf.dir/Core/Src/system_stm32f1xx.c.obj
 .debug_loc     0x00000c8c      0x167 CMakeFiles/TikTak.elf.dir/Core/Src/tim.c.obj
 .debug_loc     0x00000df3      0x141 CMakeFiles/TikTak.elf.dir/Drivers/STM32F1xx_HAL_Driver/Src/stm32f1xx_hal.c.obj
 .debug_loc     0x00000f34      0x71f CMakeFiles/TikTak.elf.dir/Drivers/STM32F1xx_HAL_Driver/Src/stm32f1xx_hal_cortex.c.obj
 .debug_loc     0x00001653      0x43d CMakeFiles/TikTak.elf.dir/Drivers/STM32F1xx_HAL_Driver/Src/stm32f1xx_hal_gpio.c.obj
 .debug_loc     0x00001a90      0x618 CMakeFiles/TikTak.elf.dir/Drivers/STM32F1xx_HAL_Driver/Src/stm32f1xx_hal_rcc.c.obj
 .debug_loc     0x000020a8     0x50fa CMakeFiles/TikTak.elf.dir/Drivers/STM32F1xx_HAL_Driver/Src/stm32f1xx_hal_tim.c.obj
 .debug_loc     0x000071a2     0x1c93 CMakeFiles/TikTak.elf.dir/Drivers/STM32F1xx_HAL_Driver/Src/stm32f1xx_hal_tim_ex.c.obj

.debug_aranges  0x00000000      0xab0
 .debug_aranges
                0x00000000       0x98 CMakeFiles/TikTak.elf.dir/Core/Src/OLED.c.obj
 .debug_aranges
                0x00000098       0x18 CMakeFiles/TikTak.elf.dir/Core/Src/OLED_Front.c.obj
 .debug_aranges
                0x000000b0       0x50 CMakeFiles/TikTak.elf.dir/Core/Src/TicPlay.c.obj
 .debug_aranges
                0x00000100       0x20 CMakeFiles/TikTak.elf.dir/Core/Src/gpio.c.obj
 .debug_aranges
                0x00000120       0x80 CMakeFiles/TikTak.elf.dir/Core/Src/main.c.obj
 .debug_aranges
                0x000001a0       0x50 CMakeFiles/TikTak.elf.dir/Core/Src/multi_button.c.obj
 .debug_aranges
                0x000001f0       0x20 CMakeFiles/TikTak.elf.dir/Core/Src/stm32f1xx_hal_msp.c.obj
 .debug_aranges
                0x00000210       0x70 CMakeFiles/TikTak.elf.dir/Core/Src/stm32f1xx_it.c.obj
 .debug_aranges
                0x00000280       0x28 CMakeFiles/TikTak.elf.dir/Core/Src/system_stm32f1xx.c.obj
 .debug_aranges
                0x000002a8       0x50 CMakeFiles/TikTak.elf.dir/Core/Src/tim.c.obj
 .debug_aranges
                0x000002f8       0x28 CMakeFiles/TikTak.elf.dir/Core/Startup/startup_stm32f103c6tx.s.obj
 .debug_aranges
                0x00000320       0xe0 CMakeFiles/TikTak.elf.dir/Drivers/STM32F1xx_HAL_Driver/Src/stm32f1xx_hal.c.obj
 .debug_aranges
                0x00000400       0x90 CMakeFiles/TikTak.elf.dir/Drivers/STM32F1xx_HAL_Driver/Src/stm32f1xx_hal_cortex.c.obj
 .debug_aranges
                0x00000490       0x58 CMakeFiles/TikTak.elf.dir/Drivers/STM32F1xx_HAL_Driver/Src/stm32f1xx_hal_gpio.c.obj
 .debug_aranges
                0x000004e8       0x90 CMakeFiles/TikTak.elf.dir/Drivers/STM32F1xx_HAL_Driver/Src/stm32f1xx_hal_rcc.c.obj
 .debug_aranges
                0x00000578      0x3d0 CMakeFiles/TikTak.elf.dir/Drivers/STM32F1xx_HAL_Driver/Src/stm32f1xx_hal_tim.c.obj
 .debug_aranges
                0x00000948      0x168 CMakeFiles/TikTak.elf.dir/Drivers/STM32F1xx_HAL_Driver/Src/stm32f1xx_hal_tim_ex.c.obj

.debug_ranges   0x00000000      0xa50
 .debug_ranges  0x00000000       0x88 CMakeFiles/TikTak.elf.dir/Core/Src/OLED.c.obj
 .debug_ranges  0x00000088       0x40 CMakeFiles/TikTak.elf.dir/Core/Src/TicPlay.c.obj
 .debug_ranges  0x000000c8       0x10 CMakeFiles/TikTak.elf.dir/Core/Src/gpio.c.obj
 .debug_ranges  0x000000d8       0x88 CMakeFiles/TikTak.elf.dir/Core/Src/main.c.obj
 .debug_ranges  0x00000160       0x58 CMakeFiles/TikTak.elf.dir/Core/Src/multi_button.c.obj
 .debug_ranges  0x000001b8       0x10 CMakeFiles/TikTak.elf.dir/Core/Src/stm32f1xx_hal_msp.c.obj
 .debug_ranges  0x000001c8       0x60 CMakeFiles/TikTak.elf.dir/Core/Src/stm32f1xx_it.c.obj
 .debug_ranges  0x00000228       0x18 CMakeFiles/TikTak.elf.dir/Core/Src/system_stm32f1xx.c.obj
 .debug_ranges  0x00000240       0x40 CMakeFiles/TikTak.elf.dir/Core/Src/tim.c.obj
 .debug_ranges  0x00000280       0x20 CMakeFiles/TikTak.elf.dir/Core/Startup/startup_stm32f103c6tx.s.obj
 .debug_ranges  0x000002a0       0xd0 CMakeFiles/TikTak.elf.dir/Drivers/STM32F1xx_HAL_Driver/Src/stm32f1xx_hal.c.obj
 .debug_ranges  0x00000370       0xe0 CMakeFiles/TikTak.elf.dir/Drivers/STM32F1xx_HAL_Driver/Src/stm32f1xx_hal_cortex.c.obj
 .debug_ranges  0x00000450       0x48 CMakeFiles/TikTak.elf.dir/Drivers/STM32F1xx_HAL_Driver/Src/stm32f1xx_hal_gpio.c.obj
 .debug_ranges  0x00000498       0xa0 CMakeFiles/TikTak.elf.dir/Drivers/STM32F1xx_HAL_Driver/Src/stm32f1xx_hal_rcc.c.obj
 .debug_ranges  0x00000538      0x3c0 CMakeFiles/TikTak.elf.dir/Drivers/STM32F1xx_HAL_Driver/Src/stm32f1xx_hal_tim.c.obj
 .debug_ranges  0x000008f8      0x158 CMakeFiles/TikTak.elf.dir/Drivers/STM32F1xx_HAL_Driver/Src/stm32f1xx_hal_tim_ex.c.obj

.debug_line     0x00000000     0xb091
 .debug_line    0x00000000      0x735 CMakeFiles/TikTak.elf.dir/Core/Src/OLED.c.obj
 .debug_line    0x00000735      0x154 CMakeFiles/TikTak.elf.dir/Core/Src/OLED_Front.c.obj
 .debug_line    0x00000889      0x516 CMakeFiles/TikTak.elf.dir/Core/Src/TicPlay.c.obj
 .debug_line    0x00000d9f      0x2aa CMakeFiles/TikTak.elf.dir/Core/Src/gpio.c.obj
 .debug_line    0x00001049      0xa43 CMakeFiles/TikTak.elf.dir/Core/Src/main.c.obj
 .debug_line    0x00001a8c      0x4eb CMakeFiles/TikTak.elf.dir/Core/Src/multi_button.c.obj
 .debug_line    0x00001f77      0x194 CMakeFiles/TikTak.elf.dir/Core/Src/stm32f1xx_hal_msp.c.obj
 .debug_line    0x0000210b      0x364 CMakeFiles/TikTak.elf.dir/Core/Src/stm32f1xx_it.c.obj
 .debug_line    0x0000246f      0x25e CMakeFiles/TikTak.elf.dir/Core/Src/system_stm32f1xx.c.obj
 .debug_line    0x000026cd      0x59e CMakeFiles/TikTak.elf.dir/Core/Src/tim.c.obj
 .debug_line    0x00002c6b       0x9e CMakeFiles/TikTak.elf.dir/Core/Startup/startup_stm32f103c6tx.s.obj
 .debug_line    0x00002d09      0x57c CMakeFiles/TikTak.elf.dir/Drivers/STM32F1xx_HAL_Driver/Src/stm32f1xx_hal.c.obj
 .debug_line    0x00003285      0x66c CMakeFiles/TikTak.elf.dir/Drivers/STM32F1xx_HAL_Driver/Src/stm32f1xx_hal_cortex.c.obj
 .debug_line    0x000038f1      0x5ff CMakeFiles/TikTak.elf.dir/Drivers/STM32F1xx_HAL_Driver/Src/stm32f1xx_hal_gpio.c.obj
 .debug_line    0x00003ef0      0xc51 CMakeFiles/TikTak.elf.dir/Drivers/STM32F1xx_HAL_Driver/Src/stm32f1xx_hal_rcc.c.obj
 .debug_line    0x00004b41     0x4961 CMakeFiles/TikTak.elf.dir/Drivers/STM32F1xx_HAL_Driver/Src/stm32f1xx_hal_tim.c.obj
 .debug_line    0x000094a2     0x1bef CMakeFiles/TikTak.elf.dir/Drivers/STM32F1xx_HAL_Driver/Src/stm32f1xx_hal_tim_ex.c.obj

.debug_str      0x00000000     0x3364
 .debug_str     0x00000000      0x303 CMakeFiles/TikTak.elf.dir/Core/Src/OLED.c.obj
                                0x38a (size before relaxing)
 .debug_str     0x00000303       0xa8 CMakeFiles/TikTak.elf.dir/Core/Src/OLED_Front.c.obj
                                0x24b (size before relaxing)
 .debug_str     0x000003ab      0x5b2 CMakeFiles/TikTak.elf.dir/Core/Src/TicPlay.c.obj
                                0x885 (size before relaxing)
 .debug_str     0x0000095d       0xb8 CMakeFiles/TikTak.elf.dir/Core/Src/gpio.c.obj
                                0x2b0 (size before relaxing)
 .debug_str     0x00000a15      0x473 CMakeFiles/TikTak.elf.dir/Core/Src/main.c.obj
                                0xc6c (size before relaxing)
 .debug_str     0x00000e88       0xaf CMakeFiles/TikTak.elf.dir/Core/Src/multi_button.c.obj
                                0x38b (size before relaxing)
 .debug_str     0x00000f37       0x72 CMakeFiles/TikTak.elf.dir/Core/Src/stm32f1xx_hal_msp.c.obj
                                0x252 (size before relaxing)
 .debug_str     0x00000fa9      0x102 CMakeFiles/TikTak.elf.dir/Core/Src/stm32f1xx_it.c.obj
                                0x75c (size before relaxing)
 .debug_str     0x000010ab       0x96 CMakeFiles/TikTak.elf.dir/Core/Src/system_stm32f1xx.c.obj
                                0x282 (size before relaxing)
 .debug_str     0x00001141      0x52b CMakeFiles/TikTak.elf.dir/Core/Src/tim.c.obj
                                0xd55 (size before relaxing)
 .debug_str     0x0000166c       0x4e CMakeFiles/TikTak.elf.dir/Core/Startup/startup_stm32f103c6tx.s.obj
                                 0x7b (size before relaxing)
 .debug_str     0x000016ba      0x31c CMakeFiles/TikTak.elf.dir/Drivers/STM32F1xx_HAL_Driver/Src/stm32f1xx_hal.c.obj
                                0x818 (size before relaxing)
 .debug_str     0x000019d6      0x3a6 CMakeFiles/TikTak.elf.dir/Drivers/STM32F1xx_HAL_Driver/Src/stm32f1xx_hal_cortex.c.obj
                                0x8c7 (size before relaxing)
 .debug_str     0x00001d7c      0x11e CMakeFiles/TikTak.elf.dir/Drivers/STM32F1xx_HAL_Driver/Src/stm32f1xx_hal_gpio.c.obj
                                0x42e (size before relaxing)
 .debug_str     0x00001e9a      0x20c CMakeFiles/TikTak.elf.dir/Drivers/STM32F1xx_HAL_Driver/Src/stm32f1xx_hal_rcc.c.obj
                                0x659 (size before relaxing)
 .debug_str     0x000020a6      0xd82 CMakeFiles/TikTak.elf.dir/Drivers/STM32F1xx_HAL_Driver/Src/stm32f1xx_hal_tim.c.obj
                               0x166d (size before relaxing)
 .debug_str     0x00002e28      0x53c CMakeFiles/TikTak.elf.dir/Drivers/STM32F1xx_HAL_Driver/Src/stm32f1xx_hal_tim_ex.c.obj
                                0xe6e (size before relaxing)

.comment        0x00000000       0x49
 .comment       0x00000000       0x49 CMakeFiles/TikTak.elf.dir/Core/Src/OLED.c.obj
                                 0x4a (size before relaxing)
 .comment       0x00000049       0x4a CMakeFiles/TikTak.elf.dir/Core/Src/OLED_Front.c.obj
 .comment       0x00000049       0x4a CMakeFiles/TikTak.elf.dir/Core/Src/TicPlay.c.obj
 .comment       0x00000049       0x4a CMakeFiles/TikTak.elf.dir/Core/Src/gpio.c.obj
 .comment       0x00000049       0x4a CMakeFiles/TikTak.elf.dir/Core/Src/main.c.obj
 .comment       0x00000049       0x4a CMakeFiles/TikTak.elf.dir/Core/Src/multi_button.c.obj
 .comment       0x00000049       0x4a CMakeFiles/TikTak.elf.dir/Core/Src/stm32f1xx_hal_msp.c.obj
 .comment       0x00000049       0x4a CMakeFiles/TikTak.elf.dir/Core/Src/stm32f1xx_it.c.obj
 .comment       0x00000049       0x4a CMakeFiles/TikTak.elf.dir/Core/Src/system_stm32f1xx.c.obj
 .comment       0x00000049       0x4a CMakeFiles/TikTak.elf.dir/Core/Src/tim.c.obj
 .comment       0x00000049       0x4a CMakeFiles/TikTak.elf.dir/Drivers/STM32F1xx_HAL_Driver/Src/stm32f1xx_hal.c.obj
 .comment       0x00000049       0x4a CMakeFiles/TikTak.elf.dir/Drivers/STM32F1xx_HAL_Driver/Src/stm32f1xx_hal_cortex.c.obj
 .comment       0x00000049       0x4a CMakeFiles/TikTak.elf.dir/Drivers/STM32F1xx_HAL_Driver/Src/stm32f1xx_hal_gpio.c.obj
 .comment       0x00000049       0x4a CMakeFiles/TikTak.elf.dir/Drivers/STM32F1xx_HAL_Driver/Src/stm32f1xx_hal_rcc.c.obj
 .comment       0x00000049       0x4a CMakeFiles/TikTak.elf.dir/Drivers/STM32F1xx_HAL_Driver/Src/stm32f1xx_hal_tim.c.obj
 .comment       0x00000049       0x4a CMakeFiles/TikTak.elf.dir/Drivers/STM32F1xx_HAL_Driver/Src/stm32f1xx_hal_tim_ex.c.obj

.debug_frame    0x00000000     0x1ce8
 .debug_frame   0x00000000      0x1cc CMakeFiles/TikTak.elf.dir/Core/Src/OLED.c.obj
 .debug_frame   0x000001cc       0xc0 CMakeFiles/TikTak.elf.dir/Core/Src/TicPlay.c.obj
 .debug_frame   0x0000028c       0x3c CMakeFiles/TikTak.elf.dir/Core/Src/gpio.c.obj
 .debug_frame   0x000002c8      0x120 CMakeFiles/TikTak.elf.dir/Core/Src/main.c.obj
 .debug_frame   0x000003e8       0xa0 CMakeFiles/TikTak.elf.dir/Core/Src/multi_button.c.obj
 .debug_frame   0x00000488       0x28 CMakeFiles/TikTak.elf.dir/Core/Src/stm32f1xx_hal_msp.c.obj
 .debug_frame   0x000004b0       0xd8 CMakeFiles/TikTak.elf.dir/Core/Src/stm32f1xx_it.c.obj
 .debug_frame   0x00000588       0x30 CMakeFiles/TikTak.elf.dir/Core/Src/system_stm32f1xx.c.obj
 .debug_frame   0x000005b8       0xd8 CMakeFiles/TikTak.elf.dir/Core/Src/tim.c.obj
 .debug_frame   0x00000690      0x1cc CMakeFiles/TikTak.elf.dir/Drivers/STM32F1xx_HAL_Driver/Src/stm32f1xx_hal.c.obj
 .debug_frame   0x0000085c      0x118 CMakeFiles/TikTak.elf.dir/Drivers/STM32F1xx_HAL_Driver/Src/stm32f1xx_hal_cortex.c.obj
 .debug_frame   0x00000974       0xe0 CMakeFiles/TikTak.elf.dir/Drivers/STM32F1xx_HAL_Driver/Src/stm32f1xx_hal_gpio.c.obj
 .debug_frame   0x00000a54      0x184 CMakeFiles/TikTak.elf.dir/Drivers/STM32F1xx_HAL_Driver/Src/stm32f1xx_hal_rcc.c.obj
 .debug_frame   0x00000bd8      0xb18 CMakeFiles/TikTak.elf.dir/Drivers/STM32F1xx_HAL_Driver/Src/stm32f1xx_hal_tim.c.obj
 .debug_frame   0x000016f0      0x40c CMakeFiles/TikTak.elf.dir/Drivers/STM32F1xx_HAL_Driver/Src/stm32f1xx_hal_tim_ex.c.obj
 .debug_frame   0x00001afc       0x2c c:/embbedevaconfig/gcc-arm-none-eabi-10.3-2021.10/bin/../lib/gcc/arm-none-eabi/10.3.1/../../../../arm-none-eabi/lib/thumb/v7-m/nofp\libg.a(lib_a-init.o)
 .debug_frame   0x00001b28       0x2c c:/embbedevaconfig/gcc-arm-none-eabi-10.3-2021.10/bin/../lib/gcc/arm-none-eabi/10.3.1/../../../../arm-none-eabi/lib/thumb/v7-m/nofp\libg.a(lib_a-memset.o)
 .debug_frame   0x00001b54       0x5c c:/embbedevaconfig/gcc-arm-none-eabi-10.3-2021.10/bin/../lib/gcc/arm-none-eabi/10.3.1/../../../../arm-none-eabi/lib/thumb/v7-m/nofp\libg.a(lib_a-__call_atexit.o)
 .debug_frame   0x00001bb0       0x20 c:/embbedevaconfig/gcc-arm-none-eabi-10.3-2021.10/bin/../lib/gcc/arm-none-eabi/10.3.1/../../../../arm-none-eabi/lib/thumb/v7-m/nofp\libg.a(lib_a-atexit.o)
 .debug_frame   0x00001bd0       0x34 c:/embbedevaconfig/gcc-arm-none-eabi-10.3-2021.10/bin/../lib/gcc/arm-none-eabi/10.3.1/../../../../arm-none-eabi/lib/thumb/v7-m/nofp\libg.a(lib_a-fini.o)
 .debug_frame   0x00001c04       0xb0 c:/embbedevaconfig/gcc-arm-none-eabi-10.3-2021.10/bin/../lib/gcc/arm-none-eabi/10.3.1/../../../../arm-none-eabi/lib/thumb/v7-m/nofp\libg.a(lib_a-lock.o)
 .debug_frame   0x00001cb4       0x34 c:/embbedevaconfig/gcc-arm-none-eabi-10.3-2021.10/bin/../lib/gcc/arm-none-eabi/10.3.1/../../../../arm-none-eabi/lib/thumb/v7-m/nofp\libg.a(lib_a-__atexit.o)
